// Jest Snapshot v1, https://goo.gl/fbAQLP

exports[`App Component Matches snapshot empty 1`] = `
<div
  className="p-app"
>
  <div
    className="p-app__books"
  >
    <h1
      data-testid="app-title"
    >
      Books You Might Like
    </h1>
    <div />
  </div>
</div>
`;
